src/pages/AdminPanel.tsx(6,49): error TS6133: 'FileText' is declared but its value is never read.
src/pages/AdminPanel.tsx(290,30): error TS2367: This comparison appears to be unintentional because the types '"other"' and '"gmail"' have no overlap.
